// Jest Snapshot v1, https://goo.gl/fbAQLP

exports[`RadioBlock Snapshot tests it matches the snapshot 1`] = `
.c0 {
  display: -webkit-box;
  display: -webkit-flex;
  display: -ms-flexbox;
  display: flex;
  -webkit-box-flex: 1;
  -webkit-flex-grow: 1;
  -ms-flex-positive: 1;
  flex-grow: 1;
  width: 100px;
  max-width: 33.3%;
  padding: 12px;
  -webkit-align-items: center;
  -webkit-box-align: center;
  -ms-flex-align: center;
  align-items: center;
  cursor: pointer;
  background-color: #fdfdfd;
  border: 1px solid #EEEEEE;
  border-radius: 10px;
  -webkit-transition: background ease 0.3s;
  transition: background ease 0.3s;
}

.c0:hover {
  background-color: #F3F3F3;
}

.c0:active {
  background-color: #E7E7E7;
}

.c1 {
  border: 1px solid #b8b8b8;
  border-radius: 50%;
  width: 16px;
  height: 16px;
  margin-right: 8px;
}

.c2 {
  width: calc(100% - 16px);
}

<div
  class="c0"
>
  <div
    class="c1"
  />
  <div
    class="c2"
  >
    test
  </div>
</div>
`;
