// Jest Snapshot v1, https://goo.gl/fbAQLP

exports[`Breadcrumb Snapshot tests it matches the snapshot for basic use 1`] = `
.c0 {
  margin-top: 20px;
  padding: 16px;
  display: -webkit-box;
  display: -webkit-flex;
  display: -ms-flexbox;
  display: flex;
}

.c1 {
  display: -webkit-box;
  display: -webkit-flex;
  display: -ms-flexbox;
  display: flex;
  color: #F25C05;
  font-size: 15px;
  font-weight: 600;
  -webkit-text-decoration: underline;
  text-decoration: underline;
}

.c2 {
  font-size: 15px;
  padding-left: 5px;
  padding-right: 5px;
  color: #F25C05;
}

<div
  class="c0"
>
  <div
    class="c1"
  >
    Test1
    <div
      class="c2"
    >
      <svg
        aria-hidden="true"
        class="svg-inline--fa fa-angle-right fa-w-8 "
        data-icon="angle-right"
        data-prefix="fas"
        focusable="false"
        role="img"
        viewBox="0 0 256 512"
        xmlns="http://www.w3.org/2000/svg"
      >
        <path
          d="M224.3 273l-136 136c-9.4 9.4-24.6 9.4-33.9 0l-22.6-22.6c-9.4-9.4-9.4-24.6 0-33.9l96.4-96.4-96.4-96.4c-9.4-9.4-9.4-24.6 0-33.9L54.3 103c9.4-9.4 24.6-9.4 33.9 0l136 136c9.5 9.4 9.5 24.6.1 34z"
          fill="currentColor"
        />
      </svg>
    </div>
  </div>
  <div
    class="c1"
  >
    Test2
    <div
      class="c2"
    >
      <svg
        aria-hidden="true"
        class="svg-inline--fa fa-angle-right fa-w-8 "
        data-icon="angle-right"
        data-prefix="fas"
        focusable="false"
        role="img"
        viewBox="0 0 256 512"
        xmlns="http://www.w3.org/2000/svg"
      >
        <path
          d="M224.3 273l-136 136c-9.4 9.4-24.6 9.4-33.9 0l-22.6-22.6c-9.4-9.4-9.4-24.6 0-33.9l96.4-96.4-96.4-96.4c-9.4-9.4-9.4-24.6 0-33.9L54.3 103c9.4-9.4 24.6-9.4 33.9 0l136 136c9.5 9.4 9.5 24.6.1 34z"
          fill="currentColor"
        />
      </svg>
    </div>
  </div>
  <div
    class="c1"
  >
    Test3
    <div
      class="c2"
    >
      <svg
        aria-hidden="true"
        class="svg-inline--fa fa-angle-right fa-w-8 "
        data-icon="angle-right"
        data-prefix="fas"
        focusable="false"
        role="img"
        viewBox="0 0 256 512"
        xmlns="http://www.w3.org/2000/svg"
      >
        <path
          d="M224.3 273l-136 136c-9.4 9.4-24.6 9.4-33.9 0l-22.6-22.6c-9.4-9.4-9.4-24.6 0-33.9l96.4-96.4-96.4-96.4c-9.4-9.4-9.4-24.6 0-33.9L54.3 103c9.4-9.4 24.6-9.4 33.9 0l136 136c9.5 9.4 9.5 24.6.1 34z"
          fill="currentColor"
        />
      </svg>
    </div>
  </div>
  Test4
</div>
`;
