// Jest Snapshot v1, https://goo.gl/fbAQLP

exports[`LoginBox Snapshot tests it matches the snapshot 1`] = `
.c0 {
  position: relative;
  display: inline-block;
  z-index: +1;
}

.c1 {
  cursor: pointer;
}

.c2 {
  width: 24px;
  height: 24px;
  border-radius: 50%;
  margin-left: 24px;
  text-align: center;
  line-height: 24px;
  background: center no-repeat url(test.jpg);
  background-size: contain;
  border: 1px solid white;
  color: #FFFFFF;
}

<div
  class="c0"
>
  <div
    class="c1"
  >
    <div
      class="c2"
    />
  </div>
</div>
`;
