// Jest Snapshot v1, https://goo.gl/fbAQLP

exports[`Dropdown Snapshot tests it matches the snapshot 1`] = `
.c0 {
  position: relative;
  display: inline-block;
  z-index: +1;
}

.c1 {
  cursor: pointer;
}

<div
  class="c0"
>
  <div
    class="c1"
  >
    <div>
      anchor
    </div>
  </div>
</div>
`;
